2026-04-01 01:26:36,410 [ERROR] adb: adbutils not installed. Run: pip install adbutils
2026-04-01 01:28:05,845 [ERROR] adb: No ADB devices found. Start your emulator or connect a device.
2026-04-01 01:28:05,872 [INFO] adb: Auto-selected device: emulator-5554
2026-04-01 01:28:05,872 [INFO] adb: Connected to emulator-5554
2026-04-01 01:48:32,537 [ERROR] adb: No ADB devices found. Start your emulator or connect a device.
2026-04-01 01:48:36,043 [ERROR] adb: No ADB devices found. Start your emulator or connect a device.
2026-04-01 01:48:36,487 [ERROR] adb: No ADB devices found. Start your emulator or connect a device.
2026-04-01 01:48:36,753 [ERROR] adb: No ADB devices found. Start your emulator or connect a device.
2026-04-01 01:48:39,235 [ERROR] adb: No ADB devices found. Start your emulator or connect a device.
2026-04-01 01:48:39,657 [ERROR] adb: No ADB devices found. Start your emulator or connect a device.
2026-04-01 01:48:47,554 [ERROR] adb: No ADB devices found. Start your emulator or connect a device.
2026-04-01 01:48:48,051 [ERROR] adb: No ADB devices found. Start your emulator or connect a device.
2026-04-01 01:48:48,425 [ERROR] adb: No ADB devices found. Start your emulator or connect a device.
2026-04-01 01:48:50,793 [ERROR] adb: No ADB devices found. Start your emulator or connect a device.
2026-04-01 01:48:51,304 [ERROR] adb: No ADB devices found. Start your emulator or connect a device.
2026-04-01 01:48:51,568 [ERROR] adb: No ADB devices found. Start your emulator or connect a device.
2026-04-01 01:48:51,751 [ERROR] adb: No ADB devices found. Start your emulator or connect a device.
2026-04-01 01:48:51,956 [ERROR] adb: No ADB devices found. Start your emulator or connect a device.
2026-04-01 01:48:52,364 [ERROR] adb: No ADB devices found. Start your emulator or connect a device.
2026-04-01 01:48:53,185 [ERROR] adb: No ADB devices found. Start your emulator or connect a device.
2026-04-01 01:48:53,320 [ERROR] adb: No ADB devices found. Start your emulator or connect a device.
2026-04-01 01:48:58,493 [ERROR] adb: No ADB devices found. Start your emulator or connect a device.
2026-04-01 01:49:09,144 [INFO] adb: Connected to localhost:5555
2026-04-01 01:49:15,564 [INFO] bot: Bot started.
2026-04-01 01:49:15,586 [INFO] bot: Game not running — launching...
2026-04-01 01:49:15,618 [ERROR] adb: Launch failed: device 'localhost:5555' not found
2026-04-01 01:49:16,044 [INFO] bot: --- Running: DailyMissionsAutomation ---
2026-04-01 01:49:16,045 [INFO] DailyMissionsAutomation: === Daily Missions: starting full routine ===
2026-04-01 01:49:16,045 [INFO] bot: === Daily Missions: starting full routine ===
2026-04-01 01:49:16,048 [INFO] DailyMissionsAutomation: [1/9] Checking if dailies already done...
2026-04-01 01:49:16,048 [INFO] bot: [1/9] Checking if dailies already done...
2026-04-01 01:49:16,070 [ERROR] adb: Screenshot failed: device 'localhost:5555' not found
2026-04-01 01:49:16,071 [INFO] DailyMissionsAutomation: [2/9] Sausage Bro event
2026-04-01 01:49:16,071 [INFO] bot: [2/9] Sausage Bro event
2026-04-01 01:49:16,103 [ERROR] adb: Screenshot failed: device 'localhost:5555' not found
2026-04-01 01:49:16,113 [INFO] bot: ERROR in DailyMissionsAutomation: OpenCV(4.13.0) D:\a\opencv-python\opencv-python\opencv\modules\imgproc\src\templmatch.cpp:1168: error: (-215:Assertion failed) (depth == CV_8U || depth == CV_32F) && type == _templ.type() && _img.dims() <= 2 in function 'cv::matchTemplate'

2026-04-01 01:49:16,114 [ERROR] bot: Unhandled error in DailyMissionsAutomation
Traceback (most recent call last):
  File "c:\Users\Perry\Desktop\xxlautomata\core\bot.py", line 111, in _run
    module.run(self._stop_event)
    ~~~~~~~~~~^^^^^^^^^^^^^^^^^^
  File "c:\Users\Perry\Desktop\xxlautomata\automations\daily_missions.py", line 103, in run
    self._do_sausage_bro(stop_event)
    ~~~~~~~~~~~~~~~~~~~~^^^^^^^^^^^^
  File "c:\Users\Perry\Desktop\xxlautomata\automations\daily_missions.py", line 205, in _do_sausage_bro
    if not self._tap_template(screen, self.T_SHOP_BTN):
           ~~~~~~~~~~~~~~~~~~^^^^^^^^^^^^^^^^^^^^^^^^^
  File "c:\Users\Perry\Desktop\xxlautomata\automations\base.py", line 77, in _tap_template
    return self._device.tap_if_found(screen, template_name, self._threshold, d)
           ~~~~~~~~~~~~~~~~~~~~~~~~~^^^^^^^^^^^^^^^^^^^^^^^^^^^^^^^^^^^^^^^^^^^
  File "c:\Users\Perry\Desktop\xxlautomata\core\adb.py", line 196, in tap_if_found
    pos = find_template_by_name(screenshot, template_name, threshold)
  File "c:\Users\Perry\Desktop\xxlautomata\utils\image.py", line 55, in find_template_by_name
    return find_template(screenshot, template, threshold)
  File "c:\Users\Perry\Desktop\xxlautomata\utils\image.py", line 36, in find_template
    result = cv2.matchTemplate(screenshot, template, cv2.TM_CCOEFF_NORMED)
cv2.error: OpenCV(4.13.0) D:\a\opencv-python\opencv-python\opencv\modules\imgproc\src\templmatch.cpp:1168: error: (-215:Assertion failed) (depth == CV_8U || depth == CV_32F) && type == _templ.type() && _img.dims() <= 2 in function 'cv::matchTemplate'

2026-04-01 01:49:16,118 [INFO] bot: All tasks complete.
2026-04-01 01:50:08,012 [INFO] adb: Connected to localhost:5555
2026-04-01 01:50:46,160 [INFO] bot: Bot stopped.
2026-04-01 01:51:06,803 [INFO] adb: Connected to localhost:5555
2026-04-01 01:51:36,494 [INFO] adb: Connected to localhost:5555
2026-04-01 01:51:40,812 [INFO] bot: Bot started.
2026-04-01 01:51:40,846 [INFO] bot: Game not running — launching...
2026-04-01 01:51:40,868 [ERROR] adb: Launch failed: device 'localhost:5555' not found
2026-04-01 01:51:40,876 [INFO] bot: --- Running: DailyMissionsAutomation ---
2026-04-01 01:51:40,877 [INFO] DailyMissionsAutomation: === Daily Missions: starting full routine ===
2026-04-01 01:51:40,877 [INFO] bot: === Daily Missions: starting full routine ===
2026-04-01 01:51:40,878 [INFO] DailyMissionsAutomation: [1/9] Checking if dailies already done...
2026-04-01 01:51:40,879 [INFO] bot: [1/9] Checking if dailies already done...
2026-04-01 01:51:40,901 [ERROR] adb: Screenshot failed: device 'localhost:5555' not found
2026-04-01 01:51:40,902 [INFO] DailyMissionsAutomation: [2/9] Sausage Bro event
2026-04-01 01:51:40,902 [INFO] bot: [2/9] Sausage Bro event
2026-04-01 01:51:40,923 [ERROR] adb: Screenshot failed: device 'localhost:5555' not found
2026-04-01 01:51:40,923 [INFO] DailyMissionsAutomation:   Shop button not found — skipping Sausage Bro
2026-04-01 01:51:40,923 [INFO] bot:   Shop button not found — skipping Sausage Bro
2026-04-01 01:51:40,923 [INFO] DailyMissionsAutomation: [3/9] Hard Mode: no stage configured — skipping
2026-04-01 01:51:40,923 [INFO] bot: [3/9] Hard Mode: no stage configured — skipping
2026-04-01 01:51:40,924 [INFO] DailyMissionsAutomation: [4/9] Bond Add-Up
2026-04-01 01:51:40,924 [INFO] bot: [4/9] Bond Add-Up
2026-04-01 01:51:40,937 [ERROR] adb: Screenshot failed: device 'localhost:5555' not found
2026-04-01 01:51:40,937 [INFO] DailyMissionsAutomation:   Hook Up button not found — skipping
2026-04-01 01:51:40,937 [INFO] bot:   Hook Up button not found — skipping
2026-04-01 01:51:40,937 [INFO] DailyMissionsAutomation: [5/9] Guild visit
2026-04-01 01:51:40,938 [INFO] bot: [5/9] Guild visit
2026-04-01 01:51:40,971 [ERROR] adb: Screenshot failed: device 'localhost:5555' not found
2026-04-01 01:51:40,971 [INFO] DailyMissionsAutomation:   Guild button not found — skipping
2026-04-01 01:51:40,971 [INFO] bot:   Guild button not found — skipping
2026-04-01 01:51:40,972 [INFO] DailyMissionsAutomation: [6/9] Free market item
2026-04-01 01:51:40,972 [INFO] bot: [6/9] Free market item
2026-04-01 01:51:40,997 [ERROR] adb: Screenshot failed: device 'localhost:5555' not found
2026-04-01 01:51:40,998 [INFO] DailyMissionsAutomation:   Market button not found — skipping
2026-04-01 01:51:40,998 [INFO] bot:   Market button not found — skipping
2026-04-01 01:51:40,998 [INFO] DailyMissionsAutomation: [7/9] Part-Time jobs
2026-04-01 01:51:40,998 [INFO] bot: [7/9] Part-Time jobs
2026-04-01 01:51:41,011 [ERROR] adb: Screenshot failed: device 'localhost:5555' not found
2026-04-01 01:51:41,011 [INFO] DailyMissionsAutomation:   Part-Time button not found — skipping
2026-04-01 01:51:41,012 [INFO] bot:   Part-Time button not found — skipping
2026-04-01 01:51:41,012 [INFO] DailyMissionsAutomation: [8/9] Claiming daily missions
2026-04-01 01:51:41,012 [INFO] bot: [8/9] Claiming daily missions
2026-04-01 01:51:41,033 [ERROR] adb: Screenshot failed: device 'localhost:5555' not found
2026-04-01 01:51:41,034 [INFO] DailyMissionsAutomation:   Mission button not found — skipping
2026-04-01 01:51:41,034 [INFO] bot:   Mission button not found — skipping
2026-04-01 01:51:41,034 [INFO] DailyMissionsAutomation: [9/9] Checking weekly quests
2026-04-01 01:51:41,034 [INFO] bot: [9/9] Checking weekly quests
2026-04-01 01:51:41,049 [ERROR] adb: Screenshot failed: device 'localhost:5555' not found
2026-04-01 01:51:41,050 [INFO] DailyMissionsAutomation:   Mission screen not accessible — skipping weekly
2026-04-01 01:51:41,050 [INFO] bot:   Mission screen not accessible — skipping weekly
2026-04-01 01:51:41,051 [INFO] DailyMissionsAutomation: === Daily Missions: routine complete ===
2026-04-01 01:51:41,051 [INFO] bot: === Daily Missions: routine complete ===
2026-04-01 01:51:41,052 [INFO] bot: All tasks complete.
2026-04-01 01:51:52,462 [INFO] adb: Connected to localhost:5555
2026-04-01 01:51:52,616 [INFO] adb: Connected to localhost:5555
2026-04-01 01:51:53,866 [INFO] adb: Connected to localhost:5555
2026-04-01 01:51:54,277 [INFO] adb: Connected to localhost:5555
2026-04-01 01:51:57,288 [INFO] adb: Connected to 1234
2026-04-01 01:52:28,331 [INFO] bot: Bot stopped.
2026-04-01 01:56:11,357 [ERROR] adb: 'adb' not found — install Android Platform Tools and add to PATH
2026-04-01 01:57:05,654 [INFO] adb: ADB server started
2026-04-01 01:57:07,722 [INFO] adb: Connected to localhost:5555
2026-04-01 01:57:15,847 [INFO] adb: Connected to emulator-5554
2026-04-01 01:57:19,059 [INFO] bot: Bot started.
2026-04-01 01:57:19,287 [INFO] bot: Game not running — launching...
2026-04-01 01:57:20,317 [INFO] adb: Game launched
2026-04-01 01:57:25,323 [INFO] bot: --- Running: DailyMissionsAutomation ---
2026-04-01 01:57:25,323 [INFO] DailyMissionsAutomation: === Daily Missions: starting full routine ===
2026-04-01 01:57:25,323 [INFO] bot: === Daily Missions: starting full routine ===
2026-04-01 01:57:25,324 [INFO] DailyMissionsAutomation: [1/9] Checking if dailies already done...
2026-04-01 01:57:25,324 [INFO] bot: [1/9] Checking if dailies already done...
2026-04-01 01:57:26,377 [INFO] DailyMissionsAutomation:   Mission button not found — assuming not done
2026-04-01 01:57:26,378 [INFO] bot:   Mission button not found — assuming not done
2026-04-01 01:57:26,379 [INFO] DailyMissionsAutomation: [2/9] Sausage Bro event
2026-04-01 01:57:26,380 [INFO] bot: [2/9] Sausage Bro event
2026-04-01 01:57:27,950 [DEBUG] adb: Tap (990, 437)
2026-04-01 01:57:32,695 [INFO] DailyMissionsAutomation:   Sausage Bro entry not found — skipping
2026-04-01 01:57:32,696 [INFO] bot:   Sausage Bro entry not found — skipping
2026-04-01 01:57:35,887 [INFO] bot: Bot stopped.
2026-04-01 01:57:36,751 [INFO] DailyMissionsAutomation: === Daily Missions: routine complete ===
2026-04-01 01:57:36,751 [INFO] bot: === Daily Missions: routine complete ===
2026-04-01 01:57:36,752 [INFO] bot: All tasks complete.
2026-04-01 01:58:44,251 [INFO] bot: Bot stopped.
2026-04-01 01:58:50,123 [INFO] adb: ADB server started
2026-04-01 01:58:54,091 [INFO] adb: Connected to emulator-5554
2026-04-01 01:58:56,116 [INFO] bot: Bot started.
2026-04-01 01:58:56,169 [INFO] bot: Game not running — launching...
2026-04-01 01:58:56,348 [INFO] adb: Game launched
2026-04-01 01:59:01,353 [INFO] bot: --- Running: DailyMissionsAutomation ---
2026-04-01 01:59:01,353 [INFO] DailyMissionsAutomation: === Daily Missions: starting full routine ===
2026-04-01 01:59:01,354 [INFO] bot: === Daily Missions: starting full routine ===
2026-04-01 01:59:01,354 [INFO] DailyMissionsAutomation: [1/9] Checking if dailies already done...
2026-04-01 01:59:01,355 [INFO] bot: [1/9] Checking if dailies already done...
2026-04-01 01:59:02,271 [INFO] DailyMissionsAutomation:   Mission button not found — assuming not done
2026-04-01 01:59:02,271 [INFO] bot:   Mission button not found — assuming not done
2026-04-01 01:59:02,271 [INFO] DailyMissionsAutomation: [2/9] Sausage Bro event
2026-04-01 01:59:02,271 [INFO] bot: [2/9] Sausage Bro event
2026-04-01 01:59:03,749 [DEBUG] adb: Tap (990, 437)
2026-04-01 01:59:08,442 [INFO] DailyMissionsAutomation:   Sausage Bro entry not found — skipping
2026-04-01 01:59:08,442 [INFO] bot:   Sausage Bro entry not found — skipping
2026-04-01 01:59:09,893 [INFO] bot: Bot stopped.
2026-04-01 01:59:09,976 [INFO] DailyMissionsAutomation: === Daily Missions: routine complete ===
2026-04-01 01:59:09,977 [INFO] bot: === Daily Missions: routine complete ===
2026-04-01 01:59:09,977 [INFO] bot: All tasks complete.
2026-04-01 02:04:49,502 [INFO] adb: Connected to emulator-5554
2026-04-01 02:04:53,105 [INFO] bot: Bot started.
2026-04-01 02:04:53,166 [INFO] bot: Game not running — launching...
2026-04-01 02:04:53,457 [INFO] adb: Game launched
2026-04-01 02:04:58,457 [INFO] bot: --- Running: DailyMissionsAutomation ---
2026-04-01 02:04:58,457 [INFO] DailyMissionsAutomation: === Daily Missions: starting full routine ===
2026-04-01 02:04:58,458 [INFO] bot: === Daily Missions: starting full routine ===
2026-04-01 02:04:58,458 [INFO] DailyMissionsAutomation: [1/9] Checking if dailies already done...
2026-04-01 02:04:58,458 [INFO] bot: [1/9] Checking if dailies already done...
2026-04-01 02:05:00,026 [DEBUG] adb: Tap (992, 577)
2026-04-01 02:05:04,933 [INFO] DailyMissionsAutomation:   Max activity indicator found — dailies complete
2026-04-01 02:05:04,933 [INFO] bot:   Max activity indicator found — dailies complete
2026-04-01 02:05:20,017 [INFO] bot: Bot stopped.
2026-04-01 02:05:21,323 [INFO] DailyMissionsAutomation: Daily Missions: already completed today — skipping routine
2026-04-01 02:05:21,324 [INFO] bot: Daily Missions: already completed today — skipping routine
2026-04-01 02:05:21,324 [INFO] bot: All tasks complete.
2026-04-01 02:07:52,916 [INFO] bot: Bot started.
2026-04-01 02:07:52,961 [INFO] bot: Game not running — launching...
2026-04-01 02:07:53,089 [INFO] adb: Game launched
2026-04-01 02:07:58,090 [INFO] bot: --- Running: DailyMissionsAutomation ---
2026-04-01 02:07:58,090 [INFO] DailyMissionsAutomation: === Daily Missions: starting full routine ===
2026-04-01 02:07:58,091 [INFO] bot: === Daily Missions: starting full routine ===
2026-04-01 02:07:58,097 [INFO] DailyMissionsAutomation: [1/9] Checking if dailies already done...
2026-04-01 02:07:58,097 [INFO] bot: [1/9] Checking if dailies already done...
2026-04-01 02:07:59,565 [DEBUG] adb: Tap (992, 577)
2026-04-01 02:08:04,375 [INFO] DailyMissionsAutomation:   Max activity indicator found — dailies complete
2026-04-01 02:08:04,376 [INFO] bot:   Max activity indicator found — dailies complete
2026-04-01 02:08:07,572 [INFO] DailyMissionsAutomation: Daily Missions: already completed today — skipping routine
2026-04-01 02:08:07,573 [INFO] bot: Daily Missions: already completed today — skipping routine
2026-04-01 02:08:07,573 [INFO] bot: All tasks complete.
2026-04-01 02:09:45,010 [INFO] bot: Bot stopped.
